2024-09-27 17:21:14 [ERROR]: Cannot read properties of undefined (reading 'startsWith')
TypeError: Cannot read properties of undefined (reading 'startsWith')
    at Csv_DocumentLoaders.init (/usr/local/lib/node_modules/flowise/node_modules/flowise-components/dist/nodes/documentloaders/Csv/Csv.js:84:27)
    at buildFlow (/usr/local/lib/node_modules/flowise/dist/utils/index.js:440:58)
    at async utilBuildChatflow (/usr/local/lib/node_modules/flowise/dist/utils/buildChatflow.js:227:36)
    at async Object.buildChatflow (/usr/local/lib/node_modules/flowise/dist/services/predictions/index.js:9:28)
    at async createPrediction (/usr/local/lib/node_modules/flowise/dist/controllers/predictions/index.js:79:37)
2024-09-27 17:21:14 [ERROR]: [server]: Error: TypeError: Cannot read properties of undefined (reading 'startsWith')
Error: TypeError: Cannot read properties of undefined (reading 'startsWith')
    at buildFlow (/usr/local/lib/node_modules/flowise/dist/utils/index.js:489:19)
    at async utilBuildChatflow (/usr/local/lib/node_modules/flowise/dist/utils/buildChatflow.js:227:36)
    at async Object.buildChatflow (/usr/local/lib/node_modules/flowise/dist/services/predictions/index.js:9:28)
    at async createPrediction (/usr/local/lib/node_modules/flowise/dist/controllers/predictions/index.js:79:37)
2024-09-27 17:34:21 [ERROR]: Cannot read properties of undefined (reading 'startsWith')
TypeError: Cannot read properties of undefined (reading 'startsWith')
    at Csv_DocumentLoaders.init (/usr/local/lib/node_modules/flowise/node_modules/flowise-components/dist/nodes/documentloaders/Csv/Csv.js:84:27)
    at buildFlow (/usr/local/lib/node_modules/flowise/dist/utils/index.js:440:58)
    at async utilBuildChatflow (/usr/local/lib/node_modules/flowise/dist/utils/buildChatflow.js:227:36)
    at async Object.buildChatflow (/usr/local/lib/node_modules/flowise/dist/services/predictions/index.js:9:28)
    at async createPrediction (/usr/local/lib/node_modules/flowise/dist/controllers/predictions/index.js:79:37)
2024-09-27 17:34:21 [ERROR]: [server]: Error: TypeError: Cannot read properties of undefined (reading 'startsWith')
Error: TypeError: Cannot read properties of undefined (reading 'startsWith')
    at buildFlow (/usr/local/lib/node_modules/flowise/dist/utils/index.js:489:19)
    at async utilBuildChatflow (/usr/local/lib/node_modules/flowise/dist/utils/buildChatflow.js:227:36)
    at async Object.buildChatflow (/usr/local/lib/node_modules/flowise/dist/services/predictions/index.js:9:28)
    at async createPrediction (/usr/local/lib/node_modules/flowise/dist/controllers/predictions/index.js:79:37)
2024-09-27 18:25:56 [ERROR]: Cannot read properties of undefined (reading 'startsWith')
TypeError: Cannot read properties of undefined (reading 'startsWith')
    at Csv_DocumentLoaders.init (/usr/local/lib/node_modules/flowise/node_modules/flowise-components/dist/nodes/documentloaders/Csv/Csv.js:84:27)
    at buildFlow (/usr/local/lib/node_modules/flowise/dist/utils/index.js:440:58)
    at async utilBuildChatflow (/usr/local/lib/node_modules/flowise/dist/utils/buildChatflow.js:227:36)
    at async Object.buildChatflow (/usr/local/lib/node_modules/flowise/dist/services/predictions/index.js:9:28)
    at async createPrediction (/usr/local/lib/node_modules/flowise/dist/controllers/predictions/index.js:79:37)
2024-09-27 18:25:56 [ERROR]: [server]: Error: TypeError: Cannot read properties of undefined (reading 'startsWith')
Error: TypeError: Cannot read properties of undefined (reading 'startsWith')
    at buildFlow (/usr/local/lib/node_modules/flowise/dist/utils/index.js:489:19)
    at async utilBuildChatflow (/usr/local/lib/node_modules/flowise/dist/utils/buildChatflow.js:227:36)
    at async Object.buildChatflow (/usr/local/lib/node_modules/flowise/dist/services/predictions/index.js:9:28)
    at async createPrediction (/usr/local/lib/node_modules/flowise/dist/controllers/predictions/index.js:79:37)
2024-09-27 19:07:06 [ERROR]: Cannot read properties of undefined (reading 'startsWith')
TypeError: Cannot read properties of undefined (reading 'startsWith')
    at Csv_DocumentLoaders.init (/usr/local/lib/node_modules/flowise/node_modules/flowise-components/dist/nodes/documentloaders/Csv/Csv.js:84:27)
    at buildFlow (/usr/local/lib/node_modules/flowise/dist/utils/index.js:440:58)
    at async utilBuildChatflow (/usr/local/lib/node_modules/flowise/dist/utils/buildChatflow.js:227:36)
    at async Object.buildChatflow (/usr/local/lib/node_modules/flowise/dist/services/predictions/index.js:9:28)
    at async createPrediction (/usr/local/lib/node_modules/flowise/dist/controllers/predictions/index.js:79:37)
2024-09-27 19:07:06 [ERROR]: [server]: Error: TypeError: Cannot read properties of undefined (reading 'startsWith')
Error: TypeError: Cannot read properties of undefined (reading 'startsWith')
    at buildFlow (/usr/local/lib/node_modules/flowise/dist/utils/index.js:489:19)
    at async utilBuildChatflow (/usr/local/lib/node_modules/flowise/dist/utils/buildChatflow.js:227:36)
    at async Object.buildChatflow (/usr/local/lib/node_modules/flowise/dist/services/predictions/index.js:9:28)
    at async createPrediction (/usr/local/lib/node_modules/flowise/dist/controllers/predictions/index.js:79:37)
2024-09-27 19:10:13 [ERROR]: Cannot read properties of undefined (reading 'startsWith')
TypeError: Cannot read properties of undefined (reading 'startsWith')
    at Csv_DocumentLoaders.init (/usr/local/lib/node_modules/flowise/node_modules/flowise-components/dist/nodes/documentloaders/Csv/Csv.js:84:27)
    at buildFlow (/usr/local/lib/node_modules/flowise/dist/utils/index.js:440:58)
    at async utilBuildChatflow (/usr/local/lib/node_modules/flowise/dist/utils/buildChatflow.js:227:36)
    at async Object.buildChatflow (/usr/local/lib/node_modules/flowise/dist/services/predictions/index.js:9:28)
    at async createPrediction (/usr/local/lib/node_modules/flowise/dist/controllers/predictions/index.js:79:37)
2024-09-27 19:10:13 [ERROR]: [server]: Error: TypeError: Cannot read properties of undefined (reading 'startsWith')
Error: TypeError: Cannot read properties of undefined (reading 'startsWith')
    at buildFlow (/usr/local/lib/node_modules/flowise/dist/utils/index.js:489:19)
    at async utilBuildChatflow (/usr/local/lib/node_modules/flowise/dist/utils/buildChatflow.js:227:36)
    at async Object.buildChatflow (/usr/local/lib/node_modules/flowise/dist/services/predictions/index.js:9:28)
    at async createPrediction (/usr/local/lib/node_modules/flowise/dist/controllers/predictions/index.js:79:37)
